\BOOKMARK [1][]{section.1}{\376\377\000I\000n\000t\000r\000o\000d\000u\000c\000t\000i\000o\000n}{}% 1
\BOOKMARK [1][]{section.2}{\376\377\000R\000e\000l\000a\000t\000e\000d\000\040\000W\000o\000r\000k}{}% 2
\BOOKMARK [1][]{section.3}{\376\377\000P\000r\000o\000p\000o\000s\000e\000d\000\040\000M\000o\000d\000e\000l}{}% 3
\BOOKMARK [2][]{subsection.3.1}{\376\377\000P\000r\000o\000b\000l\000e\000m\000\040\000S\000t\000a\000t\000e\000m\000e\000n\000t}{section.3}% 4
\BOOKMARK [2][]{subsection.3.2}{\376\377\000P\000a\000r\000a\000m\000e\000t\000e\000r\000s\000\040\000o\000f\000\040\000Q\000o\000S}{section.3}% 5
\BOOKMARK [3][]{subsubsection.3.2.1}{\376\377\000M\000a\000k\000e\000s\000p\000a\000n}{subsection.3.2}% 6
\BOOKMARK [3][]{subsubsection.3.2.2}{\376\377\000R\000e\000s\000o\000u\000r\000c\000e\000\040\000U\000t\000i\000l\000i\000z\000a\000t\000i\000o\000n}{subsection.3.2}% 7
\BOOKMARK [3][]{subsubsection.3.2.3}{\376\377\000R\000e\000s\000p\000o\000n\000s\000e\000\040\000T\000i\000m\000e\000\040\000\050\000R\000T\000\051}{subsection.3.2}% 8
\BOOKMARK [3][]{subsubsection.3.2.4}{\376\377\000C\000o\000s\000t}{subsection.3.2}% 9
\BOOKMARK [2][]{subsection.3.3}{\376\377\000F\000i\000t\000n\000e\000s\000s\000\040\000F\000u\000n\000c\000t\000i\000o\000n}{section.3}% 10
\BOOKMARK [1][]{section.4}{\376\377\000D\000e\000v\000e\000l\000o\000p\000m\000e\000n\000t\000\040\000o\000f\000\040\000t\000h\000e\000\040\000R\000D\000A\000\040\000A\000c\000c\000o\000r\000d\000i\000n\000g\000\040\000t\000o\000\040\000t\000h\000e\000\040\000P\000r\000o\000p\000o\000s\000e\000d\000\040\000M\000o\000d\000e\000l}{}% 11
\BOOKMARK [2][]{subsection.4.1}{\376\377\000G\000e\000n\000e\000r\000a\000t\000i\000o\000n\000\040\000o\000f\000\040\000I\000n\000i\000t\000i\000a\000l\000\040\000R\000e\000d\000\040\000D\000e\000e\000r\000\040\000P\000o\000p\000u\000l\000a\000t\000i\000o\000n}{section.4}% 12
\BOOKMARK [2][]{subsection.4.2}{\376\377\000R\000o\000a\000r\000i\000n\000g\000\040\000P\000r\000o\000c\000e\000s\000s}{section.4}% 13
\BOOKMARK [2][]{subsection.4.3}{\376\377\000S\000e\000l\000e\000c\000t\000i\000o\000n\000\040\000o\000f\000\040\000t\000h\000e\000\040\000b\000e\000s\000t\000\040\000m\000a\000l\000e\000\040\000r\000e\000d\000\040\000d\000e\000e\000r\000\040\000a\000s\000\040\000c\000o\000m\000m\000a\000n\000d\000e\000r\000s}{section.4}% 14
\BOOKMARK [2][]{subsection.4.4}{\376\377\000F\000i\000g\000h\000t\000\040\000b\000e\000t\000w\000e\000e\000n\000\040\000m\000a\000l\000e\000\040\000c\000o\000m\000m\000a\000n\000d\000e\000r\000s\000\040\000a\000n\000d\000\040\000s\000t\000a\000g\000s}{section.4}% 15
\BOOKMARK [2][]{subsection.4.5}{\376\377\000F\000o\000r\000m\000\040\000h\000a\000r\000e\000m\000s}{section.4}% 16
\BOOKMARK [2][]{subsection.4.6}{\376\377\000M\000a\000t\000i\000n\000g\000\040\000o\000f\000\040\000c\000o\000m\000m\000a\000n\000d\000e\000r\000s\000\040\000w\000i\000t\000h\000\040\000h\000i\000n\000d\000s\000\040\000i\000n\000\040\000h\000i\000s\000\040\000h\000a\000r\000e\000m}{section.4}% 17
\BOOKMARK [2][]{subsection.4.7}{\376\377\000M\000a\000t\000i\000n\000g\000\040\000o\000f\000\040\000c\000o\000m\000m\000a\000n\000d\000e\000r\000\040\000w\000i\000t\000h\000\040\000h\000i\000n\000d\000s\000\040\000o\000f\000\040\000a\000n\000o\000t\000h\000e\000r\000\040\000h\000a\000r\000e\000m}{section.4}% 18
\BOOKMARK [2][]{subsection.4.8}{\376\377\000M\000a\000t\000i\000n\000g\000\040\000o\000f\000\040\000s\000t\000a\000g\000\040\000w\000i\000t\000h\000\040\000t\000h\000e\000\040\000n\000e\000a\000r\000e\000s\000t\000\040\000h\000i\000n\000d}{section.4}% 19
\BOOKMARK [2][]{subsection.4.9}{\376\377\000S\000e\000l\000e\000c\000t\000\040\000t\000h\000e\000\040\000n\000e\000x\000t\000\040\000g\000e\000n\000e\000r\000a\000t\000i\000o\000n}{section.4}% 20
\BOOKMARK [2][]{subsection.4.10}{\376\377\000S\000t\000o\000p\000p\000i\000n\000g\000\040\000c\000o\000n\000d\000i\000t\000i\000o\000n}{section.4}% 21
\BOOKMARK [2][]{subsection.4.11}{\376\377\000C\000o\000m\000p\000u\000t\000a\000t\000i\000o\000n\000a\000l\000\040\000C\000o\000m\000p\000l\000e\000x\000i\000t\000y\000\040\000A\000n\000a\000l\000y\000s\000i\000s}{section.4}% 22
\BOOKMARK [1][]{section.5}{\376\377\000E\000x\000p\000e\000r\000i\000m\000e\000n\000t\000a\000l\000\040\000S\000e\000t\000u\000p}{}% 23
\BOOKMARK [2][]{subsection.5.1}{\376\377\000S\000i\000m\000u\000l\000a\000t\000i\000o\000n\000\040\000E\000n\000v\000i\000r\000o\000n\000m\000e\000n\000t\000\040\000C\000o\000n\000f\000i\000g\000u\000r\000a\000t\000i\000o\000n}{section.5}% 24
\BOOKMARK [3][]{subsubsection.5.1.1}{\376\377\000P\000h\000y\000s\000i\000c\000a\000l\000\040\000I\000n\000f\000r\000a\000s\000t\000r\000u\000c\000t\000u\000r\000e\000\040\000a\000n\000d\000\040\000V\000i\000r\000t\000u\000a\000l\000\040\000R\000e\000s\000o\000u\000r\000c\000e\000s}{subsection.5.1}% 25
\BOOKMARK [3][]{subsubsection.5.1.2}{\376\377\000W\000o\000r\000k\000l\000o\000a\000d\000\040\000a\000n\000d\000\040\000S\000c\000a\000l\000a\000b\000i\000l\000i\000t\000y\000\040\000C\000o\000n\000f\000i\000g\000u\000r\000a\000t\000i\000o\000n}{subsection.5.1}% 26
\BOOKMARK [2][]{subsection.5.2}{\376\377\000A\000l\000g\000o\000r\000i\000t\000h\000m\000\040\000C\000o\000n\000f\000i\000g\000u\000r\000a\000t\000i\000o\000n\000\040\000a\000n\000d\000\040\000E\000x\000p\000e\000r\000i\000m\000e\000n\000t\000a\000l\000\040\000P\000a\000r\000a\000m\000e\000t\000e\000r\000s}{section.5}% 27
\BOOKMARK [2][]{subsection.5.3}{\376\377\000P\000e\000r\000f\000o\000r\000m\000a\000n\000c\000e\000\040\000E\000v\000a\000l\000u\000a\000t\000i\000o\000n\000\040\000S\000e\000t\000u\000p}{section.5}% 28
\BOOKMARK [1][]{section.6}{\376\377\000R\000e\000s\000u\000l\000t\000s\000\040\000a\000n\000d\000\040\000A\000n\000a\000l\000y\000s\000i\000s}{}% 29
\BOOKMARK [2][]{subsection.6.1}{\376\377\000M\000a\000k\000e\000s\000p\000a\000n\000\040\000A\000n\000a\000l\000y\000s\000i\000s}{section.6}% 30
\BOOKMARK [2][]{subsection.6.2}{\376\377\000R\000e\000s\000p\000o\000n\000s\000e\000\040\000T\000i\000m\000e\000\040\000A\000n\000a\000l\000y\000s\000i\000s}{section.6}% 31
\BOOKMARK [3][]{subsubsection.6.2.1}{\376\377\000S\000c\000a\000l\000i\000n\000g\000\040\000B\000e\000h\000a\000v\000i\000o\000r\000\040\000U\000n\000d\000e\000r\000\040\000I\000n\000c\000r\000e\000a\000s\000i\000n\000g\000\040\000W\000o\000r\000k\000l\000o\000a\000d}{subsection.6.2}% 32
\BOOKMARK [3][]{subsubsection.6.2.2}{\376\377\000C\000o\000n\000f\000i\000d\000e\000n\000c\000e\000\040\000I\000n\000t\000e\000r\000v\000a\000l\000s\000\040\000a\000n\000d\000\040\000R\000e\000p\000r\000o\000d\000u\000c\000i\000b\000i\000l\000i\000t\000y}{subsection.6.2}% 33
\BOOKMARK [3][]{subsubsection.6.2.3}{\376\377\000C\000o\000m\000p\000a\000r\000a\000t\000i\000v\000e\000\040\000A\000l\000g\000o\000r\000i\000t\000h\000m\000\040\000P\000e\000r\000f\000o\000r\000m\000a\000n\000c\000e}{subsection.6.2}% 34
\BOOKMARK [2][]{subsection.6.3}{\376\377\000C\000o\000n\000v\000e\000r\000g\000e\000n\000c\000e\000\040\000A\000n\000a\000l\000y\000s\000i\000s}{section.6}% 35
\BOOKMARK [2][]{subsection.6.4}{\376\377\000P\000a\000r\000a\000m\000e\000t\000e\000r\000\040\000S\000e\000n\000s\000i\000t\000i\000v\000i\000t\000y\000\040\000A\000n\000a\000l\000y\000s\000i\000s}{section.6}% 36
\BOOKMARK [2][]{subsection.6.5}{\376\377\000S\000c\000a\000l\000a\000b\000i\000l\000i\000t\000y\000\040\000A\000n\000a\000l\000y\000s\000i\000s}{section.6}% 37
\BOOKMARK [2][]{subsection.6.6}{\376\377\000S\000t\000a\000t\000i\000s\000t\000i\000c\000a\000l\000\040\000V\000a\000l\000i\000d\000a\000t\000i\000o\000n}{section.6}% 38
\BOOKMARK [2][]{subsection.6.7}{\376\377\000R\000u\000n\000t\000i\000m\000e\000\040\000O\000v\000e\000r\000h\000e\000a\000d\000\040\000A\000n\000a\000l\000y\000s\000i\000s}{section.6}% 39
\BOOKMARK [1][]{section.7}{\376\377\000C\000o\000n\000c\000l\000u\000s\000i\000o\000n\000\040\000a\000n\000d\000\040\000F\000u\000t\000u\000r\000e\000\040\000W\000o\000r\000k}{}% 40
